// Jest Snapshot v1, https://goo.gl/fbAQLP

exports[`Test Snapshots <App /> 1`] = ``;

exports[`Test Snapshots <ClientsOrProjects /> 1`] = ``;

exports[`Test Snapshots <HomePage /> 1`] = ``;

exports[`Test Snapshots <HomePage /> render 1`] = ``;

exports[`Test Snapshots <Login /> 1`] = ``;
